[debug] [2026-06-03T03:28:13.644Z] ----------------------------------------------------------------------
[debug] [2026-06-03T03:28:13.647Z] Command:       C:\Program Files\nodejs\node.exe C:\Users\cotta\AppData\Roaming\npm\node_modules\firebase-tools\lib\bin\firebase.js deploy --only functions
[debug] [2026-06-03T03:28:13.647Z] CLI Version:   15.15.0
[debug] [2026-06-03T03:28:13.647Z] Platform:      win32
[debug] [2026-06-03T03:28:13.647Z] Node Version:  v24.14.0
[debug] [2026-06-03T03:28:13.648Z] Time:          Tue Jun 02 2026 20:28:13 GMT-0700 (Pacific Daylight Time)
[debug] [2026-06-03T03:28:13.649Z] ----------------------------------------------------------------------
[debug] 
[debug] [2026-06-03T03:28:16.152Z] > command requires scopes: ["email","openid","https://www.googleapis.com/auth/cloudplatformprojects.readonly","https://www.googleapis.com/auth/firebase","https://www.googleapis.com/auth/cloud-platform"]
[debug] [2026-06-03T03:28:16.153Z] > authorizing via signed-in user (kycaylor@gmail.com)
[debug] [2026-06-03T03:28:16.153Z] [iam] checking project fellowship-of-the-hearth for permissions ["cloudfunctions.functions.create","cloudfunctions.functions.delete","cloudfunctions.functions.get","cloudfunctions.functions.list","cloudfunctions.functions.update","cloudfunctions.operations.get","firebase.projects.get"]
[debug] [2026-06-03T03:28:16.154Z] Checked if tokens are valid: true, expires at: 1780458505317
[debug] [2026-06-03T03:28:16.154Z] Checked if tokens are valid: true, expires at: 1780458505317
[debug] [2026-06-03T03:28:16.156Z] >>> [apiv2][query] POST https://cloudresourcemanager.googleapis.com/v1/projects/fellowship-of-the-hearth:testIamPermissions [none]
[debug] [2026-06-03T03:28:16.156Z] >>> [apiv2][(partial)header] POST https://cloudresourcemanager.googleapis.com/v1/projects/fellowship-of-the-hearth:testIamPermissions  x-goog-user-project=fellowship-of-the-hearth
[debug] [2026-06-03T03:28:16.156Z] >>> [apiv2][body] POST https://cloudresourcemanager.googleapis.com/v1/projects/fellowship-of-the-hearth:testIamPermissions {"permissions":["cloudfunctions.functions.create","cloudfunctions.functions.delete","cloudfunctions.functions.get","cloudfunctions.functions.list","cloudfunctions.functions.update","cloudfunctions.operations.get","firebase.projects.get"]}
[debug] [2026-06-03T03:28:16.513Z] <<< [apiv2][status] POST https://cloudresourcemanager.googleapis.com/v1/projects/fellowship-of-the-hearth:testIamPermissions 200
[debug] [2026-06-03T03:28:16.513Z] <<< [apiv2][body] POST https://cloudresourcemanager.googleapis.com/v1/projects/fellowship-of-the-hearth:testIamPermissions {"permissions":["cloudfunctions.functions.create","cloudfunctions.functions.delete","cloudfunctions.functions.get","cloudfunctions.functions.list","cloudfunctions.functions.update","cloudfunctions.operations.get","firebase.projects.get"]}
[debug] [2026-06-03T03:28:16.513Z] Checked if tokens are valid: true, expires at: 1780458505317
[debug] [2026-06-03T03:28:16.513Z] Checked if tokens are valid: true, expires at: 1780458505317
[debug] [2026-06-03T03:28:16.513Z] >>> [apiv2][query] POST https://iam.googleapis.com/v1/projects/fellowship-of-the-hearth/serviceAccounts/fellowship-of-the-hearth@appspot.gserviceaccount.com:testIamPermissions [none]
[debug] [2026-06-03T03:28:16.513Z] >>> [apiv2][body] POST https://iam.googleapis.com/v1/projects/fellowship-of-the-hearth/serviceAccounts/fellowship-of-the-hearth@appspot.gserviceaccount.com:testIamPermissions {"permissions":["iam.serviceAccounts.actAs"]}
[debug] [2026-06-03T03:28:16.727Z] <<< [apiv2][status] POST https://iam.googleapis.com/v1/projects/fellowship-of-the-hearth/serviceAccounts/fellowship-of-the-hearth@appspot.gserviceaccount.com:testIamPermissions 200
[debug] [2026-06-03T03:28:16.727Z] <<< [apiv2][body] POST https://iam.googleapis.com/v1/projects/fellowship-of-the-hearth/serviceAccounts/fellowship-of-the-hearth@appspot.gserviceaccount.com:testIamPermissions {"permissions":["iam.serviceAccounts.actAs"]}
[info] 
[info] === Deploying to 'fellowship-of-the-hearth'...
[info] 
[info] i  deploying functions 
[debug] [2026-06-03T03:28:16.731Z] Checked if tokens are valid: true, expires at: 1780458505317
[debug] [2026-06-03T03:28:16.731Z] Checked if tokens are valid: true, expires at: 1780458505317
[debug] [2026-06-03T03:28:16.731Z] >>> [apiv2][query] GET https://cloudresourcemanager.googleapis.com/v1/projects/fellowship-of-the-hearth [none]
[debug] [2026-06-03T03:28:16.839Z] <<< [apiv2][status] GET https://cloudresourcemanager.googleapis.com/v1/projects/fellowship-of-the-hearth 200
[debug] [2026-06-03T03:28:16.839Z] <<< [apiv2][body] GET https://cloudresourcemanager.googleapis.com/v1/projects/fellowship-of-the-hearth {"projectNumber":"1046546847168","projectId":"fellowship-of-the-hearth","lifecycleState":"ACTIVE","name":"fellowship of the hearth","labels":{"firebase":"enabled","firebase-core":"disabled"},"createTime":"2026-04-29T02:20:06.682Z"}
[info] i  functions: preparing codebase default for deployment 
[info] i  functions: ensuring required API cloudfunctions.googleapis.com is enabled... 
[info] i  functions: ensuring required API cloudbuild.googleapis.com is enabled... 
[info] i  artifactregistry: ensuring required API artifactregistry.googleapis.com is enabled... 
[debug] [2026-06-03T03:28:16.842Z] Checked if tokens are valid: true, expires at: 1780458505317
[debug] [2026-06-03T03:28:16.842Z] Checked if tokens are valid: true, expires at: 1780458505317
[debug] [2026-06-03T03:28:16.842Z] >>> [apiv2][query] GET https://firebase.googleapis.com/v1beta1/projects/fellowship-of-the-hearth/adminSdkConfig [none]
[debug] [2026-06-03T03:28:17.138Z] <<< [apiv2][status] GET https://firebase.googleapis.com/v1beta1/projects/fellowship-of-the-hearth/adminSdkConfig 200
[debug] [2026-06-03T03:28:17.139Z] <<< [apiv2][body] GET https://firebase.googleapis.com/v1beta1/projects/fellowship-of-the-hearth/adminSdkConfig {"projectId":"fellowship-of-the-hearth","storageBucket":"fellowship-of-the-hearth.firebasestorage.app"}
[debug] [2026-06-03T03:28:17.139Z] Checked if tokens are valid: true, expires at: 1780458505317
[debug] [2026-06-03T03:28:17.139Z] Checked if tokens are valid: true, expires at: 1780458505317
[debug] [2026-06-03T03:28:17.139Z] >>> [apiv2][query] GET https://runtimeconfig.googleapis.com/v1beta1/projects/fellowship-of-the-hearth/configs [none]
[debug] [2026-06-03T03:28:17.418Z] <<< [apiv2][status] GET https://runtimeconfig.googleapis.com/v1beta1/projects/fellowship-of-the-hearth/configs 200
[debug] [2026-06-03T03:28:17.418Z] <<< [apiv2][body] GET https://runtimeconfig.googleapis.com/v1beta1/projects/fellowship-of-the-hearth/configs {}
